Collecting fastapi==0.116.1 (from -r requirements.txt (line 1))
  Using cached fastapi-0.116.1-py3-none-any.whl.metadata (28 kB)
Collecting uvicorn==0.35.0 (from uvicorn[standard]==0.35.0->-r requirements.txt (line 2))
  Using cached uvicorn-0.35.0-py3-none-any.whl.metadata (6.5 kB)
Collecting asyncpg==0.30.0 (from -r requirements.txt (line 3))
  Using cached asyncpg-0.30.0-cp314-cp314-linux_aarch64.whl
Collecting pydantic==2.11.7 (from -r requirements.txt (line 4))
  Using cached pydantic-2.11.7-py3-none-any.whl.metadata (67 kB)
Collecting pydantic-settings==2.10.1 (from -r requirements.txt (line 5))
  Using cached pydantic_settings-2.10.1-py3-none-any.whl.metadata (3.4 kB)
Collecting python-jose==3.5.0 (from python-jose[cryptography]==3.5.0->-r requirements.txt (line 6))
  Using cached python_jose-3.5.0-py2.py3-none-any.whl.metadata (5.5 kB)
Collecting passlib==1.7.4 (from passlib[bcrypt]==1.7.4->-r requirements.txt (line 7))
  Using cached passlib-1.7.4-py2.py3-none-any.whl.metadata (1.7 kB)
Collecting python-multipart==0.0.20 (from -r requirements.txt (line 8))
  Using cached python_multipart-0.0.20-py3-none-any.whl.metadata (1.8 kB)
Collecting python-dotenv==1.1.1 (from -r requirements.txt (line 9))
  Using cached python_dotenv-1.1.1-py3-none-any.whl.metadata (24 kB)
Collecting starlette<0.48.0,>=0.40.0 (from fastapi==0.116.1->-r requirements.txt (line 1))
  Using cached starlette-0.47.3-py3-none-any.whl.metadata (6.2 kB)
Collecting typing-extensions>=4.8.0 (from fastapi==0.116.1->-r requirements.txt (line 1))
  Using cached typing_extensions-4.16.0-py3-none-any.whl.metadata (3.3 kB)
Collecting annotated-types>=0.6.0 (from pydantic==2.11.7->-r requirements.txt (line 4))
  Using cached annotated_types-0.7.0-py3-none-any.whl.metadata (15 kB)
Collecting pydantic-core==2.33.2 (from pydantic==2.11.7->-r requirements.txt (line 4))
  Using cached pydantic_core-2.33.2.tar.gz (435 kB)
  Installing build dependencies: started
  Installing build dependencies: finished with status 'done'
  Getting requirements to build wheel: started
  Getting requirements to build wheel: finished with status 'done'
  Installing backend dependencies: started
  Installing backend dependencies: finished with status 'done'
  Preparing metadata (pyproject.toml): started
  Preparing metadata (pyproject.toml): finished with status 'done'
Collecting typing-inspection>=0.4.0 (from pydantic==2.11.7->-r requirements.txt (line 4))
  Using cached typing_inspection-0.4.2-py3-none-any.whl.metadata (2.6 kB)
Collecting click>=7.0 (from uvicorn==0.35.0->uvicorn[standard]==0.35.0->-r requirements.txt (line 2))
  Using cached click-8.4.2-py3-none-any.whl.metadata (2.6 kB)
Collecting h11>=0.8 (from uvicorn==0.35.0->uvicorn[standard]==0.35.0->-r requirements.txt (line 2))
  Using cached h11-0.16.0-py3-none-any.whl.metadata (8.3 kB)
Collecting ecdsa!=0.15 (from python-jose==3.5.0->python-jose[cryptography]==3.5.0->-r requirements.txt (line 6))
  Using cached ecdsa-0.19.2-py2.py3-none-any.whl.metadata (29 kB)
Collecting rsa!=4.1.1,!=4.4,<5.0,>=4.0 (from python-jose==3.5.0->python-jose[cryptography]==3.5.0->-r requirements.txt (line 6))
  Using cached rsa-4.9.1-py3-none-any.whl.metadata (5.6 kB)
Collecting pyasn1>=0.5.0 (from python-jose==3.5.0->python-jose[cryptography]==3.5.0->-r requirements.txt (line 6))
  Using cached pyasn1-0.6.4-py3-none-any.whl.metadata (8.4 kB)
Collecting bcrypt>=3.1.0 (from passlib[bcrypt]==1.7.4->-r requirements.txt (line 7))
  Using cached bcrypt-5.0.0-cp39-abi3-manylinux_2_34_aarch64.whl.metadata (10 kB)
Collecting cryptography>=3.4.0 (from python-jose[cryptography]==3.5.0->-r requirements.txt (line 6))
  Using cached cryptography-49.0.0-cp311-abi3-manylinux_2_34_aarch64.whl.metadata (4.3 kB)
Collecting httptools>=0.6.3 (from uvicorn[standard]==0.35.0->-r requirements.txt (line 2))
  Using cached httptools-0.8.0-cp314-cp314-manylinux2014_aarch64.manylinux_2_17_aarch64.manylinux_2_28_aarch64.whl.metadata (3.5 kB)
Collecting pyyaml>=5.1 (from uvicorn[standard]==0.35.0->-r requirements.txt (line 2))
  Using cached pyyaml-6.0.3-cp314-cp314-manylinux2014_aarch64.manylinux_2_17_aarch64.manylinux_2_28_aarch64.whl.metadata (2.4 kB)
Collecting uvloop>=0.15.1 (from uvicorn[standard]==0.35.0->-r requirements.txt (line 2))
  Using cached uvloop-0.22.1-cp314-cp314-manylinux2014_aarch64.manylinux_2_17_aarch64.manylinux_2_28_aarch64.whl.metadata (4.9 kB)
Collecting watchfiles>=0.13 (from uvicorn[standard]==0.35.0->-r requirements.txt (line 2))
  Using cached watchfiles-1.2.0-cp314-cp314-manylinux_2_17_aarch64.manylinux2014_aarch64.whl.metadata (4.9 kB)
Collecting websockets>=10.4 (from uvicorn[standard]==0.35.0->-r requirements.txt (line 2))
  Using cached websockets-16.1-cp314-cp314-manylinux2014_aarch64.manylinux_2_17_aarch64.manylinux_2_28_aarch64.whl.metadata (6.8 kB)
Collecting anyio<5,>=3.6.2 (from starlette<0.48.0,>=0.40.0->fastapi==0.116.1->-r requirements.txt (line 1))
  Using cached anyio-4.14.2-py3-none-any.whl.metadata (4.6 kB)
Collecting idna>=2.8 (from anyio<5,>=3.6.2->starlette<0.48.0,>=0.40.0->fastapi==0.116.1->-r requirements.txt (line 1))
  Using cached idna-3.18-py3-none-any.whl.metadata (6.1 kB)
Collecting cffi>=2.0.0 (from cryptography>=3.4.0->python-jose[cryptography]==3.5.0->-r requirements.txt (line 6))
  Using cached cffi-2.1.0-cp314-cp314-manylinux2014_aarch64.manylinux_2_17_aarch64.whl.metadata (2.5 kB)
Collecting pycparser (from cffi>=2.0.0->cryptography>=3.4.0->python-jose[cryptography]==3.5.0->-r requirements.txt (line 6))
  Using cached pycparser-3.0-py3-none-any.whl.metadata (8.2 kB)
Collecting six>=1.9.0 (from ecdsa!=0.15->python-jose==3.5.0->python-jose[cryptography]==3.5.0->-r requirements.txt (line 6))
  Using cached six-1.17.0-py2.py3-none-any.whl.metadata (1.7 kB)
Using cached fastapi-0.116.1-py3-none-any.whl (95 kB)
Using cached pydantic-2.11.7-py3-none-any.whl (444 kB)
Using cached uvicorn-0.35.0-py3-none-any.whl (66 kB)
Using cached pydantic_settings-2.10.1-py3-none-any.whl (45 kB)
Using cached python_jose-3.5.0-py2.py3-none-any.whl (34 kB)
Using cached passlib-1.7.4-py2.py3-none-any.whl (525 kB)
Using cached python_multipart-0.0.20-py3-none-any.whl (24 kB)
Using cached python_dotenv-1.1.1-py3-none-any.whl (20 kB)
Using cached rsa-4.9.1-py3-none-any.whl (34 kB)
Using cached starlette-0.47.3-py3-none-any.whl (72 kB)
Using cached anyio-4.14.2-py3-none-any.whl (125 kB)
Using cached annotated_types-0.7.0-py3-none-any.whl (13 kB)
Using cached bcrypt-5.0.0-cp39-abi3-manylinux_2_34_aarch64.whl (275 kB)
Using cached click-8.4.2-py3-none-any.whl (119 kB)
Using cached cryptography-49.0.0-cp311-abi3-manylinux_2_34_aarch64.whl (4.7 MB)
Using cached cffi-2.1.0-cp314-cp314-manylinux2014_aarch64.manylinux_2_17_aarch64.whl (222 kB)
Using cached ecdsa-0.19.2-py2.py3-none-any.whl (150 kB)
Using cached h11-0.16.0-py3-none-any.whl (37 kB)
Using cached httptools-0.8.0-cp314-cp314-manylinux2014_aarch64.manylinux_2_17_aarch64.manylinux_2_28_aarch64.whl (480 kB)
Using cached idna-3.18-py3-none-any.whl (65 kB)
Using cached pyasn1-0.6.4-py3-none-any.whl (84 kB)
Using cached pyyaml-6.0.3-cp314-cp314-manylinux2014_aarch64.manylinux_2_17_aarch64.manylinux_2_28_aarch64.whl (766 kB)
Using cached six-1.17.0-py2.py3-none-any.whl (11 kB)
Using cached typing_extensions-4.16.0-py3-none-any.whl (45 kB)
Using cached typing_inspection-0.4.2-py3-none-any.whl (14 kB)
Using cached uvloop-0.22.1-cp314-cp314-manylinux2014_aarch64.manylinux_2_17_aarch64.manylinux_2_28_aarch64.whl (4.3 MB)
Using cached watchfiles-1.2.0-cp314-cp314-manylinux_2_17_aarch64.manylinux2014_aarch64.whl (452 kB)
Using cached websockets-16.1-cp314-cp314-manylinux2014_aarch64.manylinux_2_17_aarch64.manylinux_2_28_aarch64.whl (188 kB)
Using cached pycparser-3.0-py3-none-any.whl (48 kB)
Building wheels for collected packages: pydantic-core
  Building wheel for pydantic-core (pyproject.toml): started
  Building wheel for pydantic-core (pyproject.toml): finished with status 'error'
  error: subprocess-exited-with-error
  
  × Building wheel for pydantic-core (pyproject.toml) did not run successfully.
  │ exit code: 1
  ╰─> [87 lines of output]
      Python reports SOABI: cpython-314-aarch64-linux-gnu
      Computed rustc target triple: aarch64-unknown-linux-gnu
      Installation directory: /home/suryanshoms/.cache/puccinialin
      Rustup already downloaded
      Installing rust to /home/suryanshoms/.cache/puccinialin/rustup
      warn: It looks like you have an existing rustup settings file at:
      warn: /home/suryanshoms/.cache/puccinialin/rustup/settings.toml
      warn: Rustup will install the default toolchain as specified in the settings file,
      warn: instead of the one inferred from the default host triple.
      info: profile set to minimal
      info: setting default host triple to aarch64-unknown-linux-gnu
      warn: Updating existing toolchain, profile choice will be ignored
      info: syncing channel updates for stable-aarch64-unknown-linux-gnu
      info: default toolchain set to stable-aarch64-unknown-linux-gnu
      Checking if cargo is installed
      cargo 1.97.0 (c980f4866 2026-06-30)
      Rust not found, installing into a temporary directory
      Running `maturin pep517 build-wheel -i /home/suryanshoms/OMS/backend/venv/bin/python --compatibility off`
      📦 Including license file `LICENSE`
      🍹 Building a mixed python/rust project
      🐍 Found CPython 3.14 at /home/suryanshoms/OMS/backend/venv/bin/python
      🔗 Found pyo3 bindings
      📡 Using build options features, bindings from pyproject.toml
         Compiling proc-macro2 v1.0.86
         Compiling unicode-ident v1.0.12
         Compiling target-lexicon v0.13.2
         Compiling python3-dll-a v0.2.13
         Compiling once_cell v1.19.0
         Compiling stable_deref_trait v1.2.0
         Compiling autocfg v1.3.0
         Compiling writeable v0.5.5
         Compiling litemap v0.7.3
         Compiling heck v0.5.0
         Compiling libc v0.2.155
         Compiling quote v1.0.36
         Compiling pyo3-build-config v0.24.1
         Compiling syn v2.0.82
         Compiling num-traits v0.2.19
         Compiling version_check v0.9.5
         Compiling icu_locid_transform_data v1.5.0
         Compiling smallvec v1.14.0
         Compiling rustversion v1.0.17
         Compiling icu_properties_data v1.5.0
         Compiling memoffset v0.9.1
         Compiling utf8_iter v1.0.4
         Compiling cfg-if v1.0.0
         Compiling static_assertions v1.1.0
         Compiling memchr v2.7.4
         Compiling pyo3-ffi v0.24.1
         Compiling pyo3-macros-backend v0.24.1
         Compiling radium v0.7.0
      error: failed to run custom build command for `pyo3-ffi v0.24.1`
      
      Caused by:
        process didn't exit successfully: `/tmp/pip-install-w1xosynw/pydantic-core_29bf2cfecf054ee2bf6b27b9d316c27e/target/release/build/pyo3-ffi-402c16a2ce52ec06/build-script-build` (exit status: 1)
        --- stdout
        cargo:rustc-check-cfg=cfg(Py_LIMITED_API)
        cargo:rustc-check-cfg=cfg(Py_GIL_DISABLED)
        cargo:rustc-check-cfg=cfg(PyPy)
        cargo:rustc-check-cfg=cfg(GraalPy)
        cargo:rustc-check-cfg=cfg(py_sys_config, values("Py_DEBUG", "Py_REF_DEBUG", "Py_TRACE_REFS", "COUNT_ALLOCS"))
        cargo:rustc-check-cfg=cfg(pyo3_disable_reference_pool)
        cargo:rustc-check-cfg=cfg(pyo3_leak_on_drop_without_reference_pool)
        cargo:rustc-check-cfg=cfg(Py_3_7)
        cargo:rustc-check-cfg=cfg(Py_3_8)
        cargo:rustc-check-cfg=cfg(Py_3_9)
        cargo:rustc-check-cfg=cfg(Py_3_10)
        cargo:rustc-check-cfg=cfg(Py_3_11)
        cargo:rustc-check-cfg=cfg(Py_3_12)
        cargo:rustc-check-cfg=cfg(Py_3_13)
        cargo:rustc-check-cfg=cfg(Py_3_14)
        cargo:rerun-if-env-changed=PYO3_CROSS
        cargo:rerun-if-env-changed=PYO3_CROSS_LIB_DIR
        cargo:rerun-if-env-changed=PYO3_CROSS_PYTHON_VERSION
        cargo:rerun-if-env-changed=PYO3_CROSS_PYTHON_IMPLEMENTATION
        cargo:rerun-if-env-changed=PYO3_PRINT_CONFIG
        cargo:rerun-if-env-changed=PYO3_USE_ABI3_FORWARD_COMPATIBILITY
      
        --- stderr
        error: the configured Python interpreter version (3.14) is newer than PyO3's maximum supported version (3.13)
        = help: please check if an updated version of PyO3 is available. Current version: 0.24.1
        = help: set PYO3_USE_ABI3_FORWARD_COMPATIBILITY=1 to suppress this check and build anyway using the stable ABI
      warning: build failed, waiting for other jobs to finish...
      💥 maturin failed
        Caused by: Failed to build a native library through cargo
        Caused by: Cargo build finished with "exit status: 101": `env -u CARGO PYO3_BUILD_EXTENSION_MODULE="1" PYO3_ENVIRONMENT_SIGNATURE="cpython-3.14-64bit" PYO3_PYTHON="/home/suryanshoms/OMS/backend/venv/bin/python" PYTHON_SYS_EXECUTABLE="/home/suryanshoms/OMS/backend/venv/bin/python" "cargo" "rustc" "--profile" "release" "--features" "pyo3/extension-module" "--message-format" "json-render-diagnostics" "--manifest-path" "/tmp/pip-install-w1xosynw/pydantic-core_29bf2cfecf054ee2bf6b27b9d316c27e/Cargo.toml" "--lib" "--crate-type" "cdylib"`
      Error: command ['maturin', 'pep517', 'build-wheel', '-i', '/home/suryanshoms/OMS/backend/venv/bin/python', '--compatibility', 'off'] returned non-zero exit status 1
      [end of output]
  
  note: This error originates from a subprocess, and is likely not a problem with pip.
  ERROR: Failed building wheel for pydantic-core
Failed to build pydantic-core
error: failed-wheel-build-for-install

× Failed to build installable wheels for some pyproject.toml based projects
╰─> pydantic-core
